// Jest Snapshot v1, https://goo.gl/fbAQLP

exports[`Menutem, renders menu item 1`] = `
<div
  onClick={[Function]}
>
  <input
    checked={false}
    readOnly={true}
    type="checkbox"
  />
  <span>
    Hide Status
  </span>
</div>
`;
