// Jest Snapshot v1, https://goo.gl/fbAQLP

exports[`App renders without crashing given the required props 1`] = `
<Fragment>
  <div
    className="main-layout aws"
  >
    <Header />
    <Switch>
      <Route
        exact={true}
        path="/"
        render={[Function]}
        strict={true}
      />
      <Route
        path="/terms-of-service"
        render={[Function]}
      />
      <Route
        path="/privacy-policy"
        render={[Function]}
      />
      <Route
        render={[Function]}
      />
    </Switch>
  </div>
  <Footer
    loadPage={[Function]}
  />
  <CookieMessage
    acceptCookie={[Function]}
    rejectCookie={[Function]}
  />
</Fragment>
`;
