// Jest Snapshot v1, https://goo.gl/fbAQLP

exports[`NotFound renders page with correct message when route is not found 1`] = `
<div
  className="area-not-found"
>
  <p>
    <b>
      Sorry!
    </b>
     The page you are looking for does not exist.
  </p>
</div>
`;
